
> solana-service@1.0.0 dev
> node --env-file=.env dist/server.js

(node:9651) ExperimentalWarning: Importing JSON modules is an experimental feature and might change at any time
(Use `node --trace-warnings ...` to show where the warning was created)
[dotenv@17.2.3] injecting env (0) from .env -- tip: ⚙️  enable debug logging with { debug: true }
Modular programs initialized.
[dotenv@17.2.3] injecting env (0) from .env -- tip: ⚙️  specify custom .env file path with { path: '/custom/path/.env' }
========================================
HMAC Authentication: ✅ ENABLED
========================================
(node:9651) [DEP0040] DeprecationWarning: The `punycode` module is deprecated. Please use a userland alternative instead.
Server is listening on port 3000
📥 GET /admin/status { ip: '::ffff:127.0.0.1', timestamp: '2026-04-17T08:45:51.166Z' }
📥 GET /admin/status { ip: '::ffff:127.0.0.1', timestamp: '2026-04-17T08:45:54.186Z' }
🔍 HMAC Debug: {
  receivedSignature: 'd0a687f5381f17c3...',
  expectedSignature: 'd0a687f5381f17c3...',
  payloadLength: 2,
  dataToSignLength: 16,
  timestamp: '1776415554771',
  usingRawBody: false,
  payloadPreview: '{}'
}
✅ HMAC Auth Passed { path: '/check-actor/1', method: 'GET' }
🔍 HMAC Debug: {
  receivedSignature: '5e93bac58ff35d63...',
  expectedSignature: '5e93bac58ff35d63...',
  payloadLength: 2,
  dataToSignLength: 16,
  timestamp: '1776415555040',
  usingRawBody: false,
  payloadPreview: '{}'
}
✅ HMAC Auth Passed { path: '/check-actor/2', method: 'GET' }
🔍 HMAC Debug: {
  receivedSignature: '2ce2c88611cc2b5b...',
  expectedSignature: '2ce2c88611cc2b5b...',
  payloadLength: 2,
  dataToSignLength: 16,
  timestamp: '1776415555244',
  usingRawBody: false,
  payloadPreview: '{}'
}
✅ HMAC Auth Passed { path: '/check-actor/3', method: 'GET' }
🔍 HMAC Debug: {
  receivedSignature: 'e3e968416305a509...',
  expectedSignature: 'e3e968416305a509...',
  payloadLength: 2,
  dataToSignLength: 16,
  timestamp: '1776415555452',
  usingRawBody: false,
  payloadPreview: '{}'
}
✅ HMAC Auth Passed { path: '/check-actor/4', method: 'GET' }
🔍 HMAC Debug: {
  receivedSignature: '3f470754e6b4f952...',
  expectedSignature: '3f470754e6b4f952...',
  payloadLength: 2,
  dataToSignLength: 16,
  timestamp: '1776415555718',
  usingRawBody: false,
  payloadPreview: '{}'
}
✅ HMAC Auth Passed { path: '/check-actor/5', method: 'GET' }
🔍 HMAC Debug: {
  receivedSignature: 'c1232039fbb300b2...',
  expectedSignature: 'c1232039fbb300b2...',
  payloadLength: 2,
  dataToSignLength: 16,
  timestamp: '1776415555934',
  usingRawBody: false,
  payloadPreview: '{}'
}
✅ HMAC Auth Passed { path: '/check-actor/6', method: 'GET' }
🔍 HMAC Debug: {
  receivedSignature: '5d04fad8a255624e...',
  expectedSignature: '5d04fad8a255624e...',
  payloadLength: 2,
  dataToSignLength: 16,
  timestamp: '1776415556142',
  usingRawBody: false,
  payloadPreview: '{}'
}
✅ HMAC Auth Passed { path: '/check-actor/7', method: 'GET' }
🔍 HMAC Debug: {
  receivedSignature: '13d42459dd6a8176...',
  expectedSignature: '13d42459dd6a8176...',
  payloadLength: 2,
  dataToSignLength: 16,
  timestamp: '1776415556349',
  usingRawBody: false,
  payloadPreview: '{}'
}
✅ HMAC Auth Passed { path: '/check-actor/8', method: 'GET' }
🔍 HMAC Debug: {
  receivedSignature: '2e5de8ad6345e933...',
  expectedSignature: '2e5de8ad6345e933...',
  payloadLength: 2,
  dataToSignLength: 16,
  timestamp: '1776415556554',
  usingRawBody: false,
  payloadPreview: '{}'
}
✅ HMAC Auth Passed { path: '/check-actor/9', method: 'GET' }
🔍 HMAC Debug: {
  receivedSignature: 'b920f79890f0e71e...',
  expectedSignature: 'b920f79890f0e71e...',
  payloadLength: 2,
  dataToSignLength: 16,
  timestamp: '1776415556771',
  usingRawBody: false,
  payloadPreview: '{}'
}
✅ HMAC Auth Passed { path: '/check-actor/15', method: 'GET' }
🔍 HMAC Debug: {
  receivedSignature: '900e1749c588b067...',
  expectedSignature: '900e1749c588b067...',
  payloadLength: 2,
  dataToSignLength: 16,
  timestamp: '1776415556982',
  usingRawBody: false,
  payloadPreview: '{}'
}
✅ HMAC Auth Passed { path: '/check-actor/16', method: 'GET' }
🔍 HMAC Debug: {
  receivedSignature: '8a62459d4c0390cf...',
  expectedSignature: '8a62459d4c0390cf...',
  payloadLength: 2,
  dataToSignLength: 16,
  timestamp: '1776415557314',
  usingRawBody: false,
  payloadPreview: '{}'
}
✅ HMAC Auth Passed { path: '/check-actor/25', method: 'GET' }
🔍 HMAC Debug: {
  receivedSignature: '15a2e79f0c245ae3...',
  expectedSignature: '15a2e79f0c245ae3...',
  payloadLength: 371,
  dataToSignLength: 385,
  timestamp: '1776415558160',
  usingRawBody: true,
  payloadPreview: '{"actor_id":"25","user_id":"1","name":"Integration Farmer 69e1f342075eb","roles":"[\\"farmer\\"]","org...'
}
✅ HMAC Auth Passed { path: '/submit-actor', method: 'POST' }
📥 GET /admin/status { ip: '::ffff:127.0.0.1', timestamp: '2026-04-17T08:46:00.009Z' }
🔍 HMAC Debug: {
  receivedSignature: 'bcb718b50b5efb94...',
  expectedSignature: 'bcb718b50b5efb94...',
  payloadLength: 2,
  dataToSignLength: 16,
  timestamp: '1776415560980',
  usingRawBody: false,
  payloadPreview: '{}'
}
✅ HMAC Auth Passed { path: '/check-season/12', method: 'GET' }
🔍 HMAC Debug: {
  receivedSignature: 'd43cfa52cf9bcc6d...',
  expectedSignature: 'd43cfa52cf9bcc6d...',
  payloadLength: 407,
  dataToSignLength: 421,
  timestamp: '1776415561286',
  usingRawBody: true,
  payloadPreview: '{"season_id":12,"farmer_id":"25","crop_year":"2026","season":"wet","variety":"RC222","planned_practi...'
}
✅ HMAC Auth Passed { path: '/submit-season', method: 'POST' }
📥 GET /admin/status { ip: '::ffff:127.0.0.1', timestamp: '2026-04-17T08:46:03.252Z' }
🔍 HMAC Debug: {
  receivedSignature: '93d66ccf13efe8b7...',
  expectedSignature: '93d66ccf13efe8b7...',
  payloadLength: 2,
  dataToSignLength: 16,
  timestamp: '1776415563669',
  usingRawBody: false,
  payloadPreview: '{}'
}
✅ HMAC Auth Passed { path: '/check-batch/3', method: 'GET' }
🔍 HMAC Debug: {
  receivedSignature: 'a12b7b05a82afe7a...',
  expectedSignature: 'a12b7b05a82afe7a...',
  payloadLength: 216,
  dataToSignLength: 230,
  timestamp: '1776415563946',
  usingRawBody: true,
  payloadPreview: '{"batch_id":3,"qr_code":"QR-69e1f34b3b913","season_id":12,"current_holder_id":25,"milling_id":null,"...'
}
✅ HMAC Auth Passed { path: '/submit-batch', method: 'POST' }
>>> submitBatchToSolana inputs: {
  batch_id: 3,
  qr_code: 'QR-69e1f34b3b913',
  season_id: 12,
  current_holder_id: 25,
  milling_id: null,
  drying_id: null,
  validator: null,
  batch_weight_kg: '1000.50',
  moisture_content: 0,
  price_per_kg: 0,
  status: 'stock'
}
>>> batchIdBN: 3
>>> batchPDA: CkXfpURAJgrEDvE312euG9ZUFpKAFMs2ajkRivXFgsGG
📥 GET /admin/status { ip: '::ffff:127.0.0.1', timestamp: '2026-04-17T08:46:47.492Z' }
📥 GET /admin/status { ip: '::ffff:127.0.0.1', timestamp: '2026-04-17T08:46:48.752Z' }
🔍 HMAC Debug: {
  receivedSignature: '9f35232a2729ffb9...',
  expectedSignature: '9f35232a2729ffb9...',
  payloadLength: 2,
  dataToSignLength: 16,
  timestamp: '1776415609318',
  usingRawBody: false,
  payloadPreview: '{}'
}
✅ HMAC Auth Passed { path: '/check-actor/1', method: 'GET' }
🔍 HMAC Debug: {
  receivedSignature: '0d1a76682f7fc121...',
  expectedSignature: '0d1a76682f7fc121...',
  payloadLength: 2,
  dataToSignLength: 16,
  timestamp: '1776415609563',
  usingRawBody: false,
  payloadPreview: '{}'
}
✅ HMAC Auth Passed { path: '/check-actor/2', method: 'GET' }
🔍 HMAC Debug: {
  receivedSignature: '92d9ab45563fc3c1...',
  expectedSignature: '92d9ab45563fc3c1...',
  payloadLength: 2,
  dataToSignLength: 16,
  timestamp: '1776415609821',
  usingRawBody: false,
  payloadPreview: '{}'
}
✅ HMAC Auth Passed { path: '/check-actor/3', method: 'GET' }
🔍 HMAC Debug: {
  receivedSignature: 'f37179878b9811b1...',
  expectedSignature: 'f37179878b9811b1...',
  payloadLength: 2,
  dataToSignLength: 16,
  timestamp: '1776415610067',
  usingRawBody: false,
  payloadPreview: '{}'
}
✅ HMAC Auth Passed { path: '/check-actor/4', method: 'GET' }
🔍 HMAC Debug: {
  receivedSignature: 'fa850710c4c1c51f...',
  expectedSignature: 'fa850710c4c1c51f...',
  payloadLength: 2,
  dataToSignLength: 16,
  timestamp: '1776415610318',
  usingRawBody: false,
  payloadPreview: '{}'
}
✅ HMAC Auth Passed { path: '/check-actor/5', method: 'GET' }
🔍 HMAC Debug: {
  receivedSignature: '6943ef5ee50bc190...',
  expectedSignature: '6943ef5ee50bc190...',
  payloadLength: 2,
  dataToSignLength: 16,
  timestamp: '1776415610562',
  usingRawBody: false,
  payloadPreview: '{}'
}
✅ HMAC Auth Passed { path: '/check-actor/6', method: 'GET' }
🔍 HMAC Debug: {
  receivedSignature: '936c8c0a20adbc6d...',
  expectedSignature: '936c8c0a20adbc6d...',
  payloadLength: 2,
  dataToSignLength: 16,
  timestamp: '1776415610807',
  usingRawBody: false,
  payloadPreview: '{}'
}
✅ HMAC Auth Passed { path: '/check-actor/7', method: 'GET' }
🔍 HMAC Debug: {
  receivedSignature: '65a11ce52c7de64e...',
  expectedSignature: '65a11ce52c7de64e...',
  payloadLength: 2,
  dataToSignLength: 16,
  timestamp: '1776415611056',
  usingRawBody: false,
  payloadPreview: '{}'
}
✅ HMAC Auth Passed { path: '/check-actor/8', method: 'GET' }
🔍 HMAC Debug: {
  receivedSignature: '8e94280382b3b522...',
  expectedSignature: '8e94280382b3b522...',
  payloadLength: 2,
  dataToSignLength: 16,
  timestamp: '1776415611322',
  usingRawBody: false,
  payloadPreview: '{}'
}
✅ HMAC Auth Passed { path: '/check-actor/9', method: 'GET' }
🔍 HMAC Debug: {
  receivedSignature: '5f8260292ad8d071...',
  expectedSignature: '5f8260292ad8d071...',
  payloadLength: 2,
  dataToSignLength: 16,
  timestamp: '1776415611589',
  usingRawBody: false,
  payloadPreview: '{}'
}
✅ HMAC Auth Passed { path: '/check-actor/15', method: 'GET' }
🔍 HMAC Debug: {
  receivedSignature: '826e3c36b3f21a4e...',
  expectedSignature: '826e3c36b3f21a4e...',
  payloadLength: 2,
  dataToSignLength: 16,
  timestamp: '1776415611847',
  usingRawBody: false,
  payloadPreview: '{}'
}
✅ HMAC Auth Passed { path: '/check-actor/16', method: 'GET' }
🔍 HMAC Debug: {
  receivedSignature: 'f0168de87cf8c2dc...',
  expectedSignature: 'f0168de87cf8c2dc...',
  payloadLength: 2,
  dataToSignLength: 16,
  timestamp: '1776415612175',
  usingRawBody: false,
  payloadPreview: '{}'
}
✅ HMAC Auth Passed { path: '/check-actor/26', method: 'GET' }
🔍 HMAC Debug: {
  receivedSignature: 'c9303a2e4ab34fa2...',
  expectedSignature: 'c9303a2e4ab34fa2...',
  payloadLength: 371,
  dataToSignLength: 385,
  timestamp: '1776415612799',
  usingRawBody: true,
  payloadPreview: '{"actor_id":"26","user_id":"1","name":"Integration Farmer 69e1f378aa87b","roles":"[\\"farmer\\"]","org...'
}
✅ HMAC Auth Passed { path: '/submit-actor', method: 'POST' }
📥 GET /admin/status { ip: '::ffff:127.0.0.1', timestamp: '2026-04-17T08:46:55.100Z' }
🔍 HMAC Debug: {
  receivedSignature: '5b7cd80b2e0926d7...',
  expectedSignature: '5b7cd80b2e0926d7...',
  payloadLength: 2,
  dataToSignLength: 16,
  timestamp: '1776415616239',
  usingRawBody: false,
  payloadPreview: '{}'
}
✅ HMAC Auth Passed { path: '/check-season/13', method: 'GET' }
🔍 HMAC Debug: {
  receivedSignature: 'e7de583dd0f4e115...',
  expectedSignature: 'e7de583dd0f4e115...',
  payloadLength: 407,
  dataToSignLength: 421,
  timestamp: '1776415616609',
  usingRawBody: true,
  payloadPreview: '{"season_id":13,"farmer_id":"26","crop_year":"2026","season":"wet","variety":"RC222","planned_practi...'
}
✅ HMAC Auth Passed { path: '/submit-season', method: 'POST' }
📥 GET /admin/status { ip: '::ffff:127.0.0.1', timestamp: '2026-04-17T08:46:58.432Z' }
🔍 HMAC Debug: {
  receivedSignature: '2a827c5e74a50c29...',
  expectedSignature: '2a827c5e74a50c29...',
  payloadLength: 2,
  dataToSignLength: 16,
  timestamp: '1776415619405',
  usingRawBody: false,
  payloadPreview: '{}'
}
✅ HMAC Auth Passed { path: '/check-batch/4', method: 'GET' }
🔍 HMAC Debug: {
  receivedSignature: '0524e26f9648d3a5...',
  expectedSignature: '0524e26f9648d3a5...',
  payloadLength: 216,
  dataToSignLength: 230,
  timestamp: '1776415619722',
  usingRawBody: true,
  payloadPreview: '{"batch_id":4,"qr_code":"QR-69e1f38267280","season_id":13,"current_holder_id":26,"milling_id":null,"...'
}
✅ HMAC Auth Passed { path: '/submit-batch', method: 'POST' }
>>> submitBatchToSolana inputs: {
  batch_id: 4,
  qr_code: 'QR-69e1f38267280',
  season_id: 13,
  current_holder_id: 26,
  milling_id: null,
  drying_id: null,
  validator: null,
  batch_weight_kg: '1000.50',
  moisture_content: 0,
  price_per_kg: 0,
  status: 'stock'
}
>>> batchIdBN: 4
>>> batchPDA: BGWBWEDSkTtMiF5mq2fuUfcwZPTdyMc8WK3VJuRc8LaK
